WYRWOOD  /  CONFIGURATION  /  CONSUMER
╔══════════════════════════════════════════════════════════════════╗  ┌──────────────────────────────────────────┐
║ CONSUMER DETAIL [FOCUS]                                          ║  │ EVENTS                                   │
║ name          sample alpha                                       ║  │ 04:05:06 [OK] sign             succeeded │
║ socket        /tmp/example/alpha/agent.sock                      ║  │                                          │
║ access group  none                                               ║  │                                          │
║                                                                  ║  │                                          │
║ EXPOSED FINGERPRINTS                                             ║  │                                          │
║ [x] SHA256:AAAAAAAAAAAA…  sample primary                         ║  │                                          │
║ [x] SHA256:BBBBBBBBBBBB…  sample alternate                       ║  │                                          │
║                                                                  ║  │                                          │
║ [OK] HEALTHY  ·  2 active connections                            ║  │                                          │
║                                                                  ║  │                                          │
║                                                                  ║  │                                          │
║                                                                  ║  │                                          │
║                                                                  ║  │                                          │
║                                                                  ║  │                                          │
║                                                                  ║  │                                          │
║                                                                  ║  │                                          │
║                                                                  ║  │                                          │
║                                                                  ║  │                                          │
║                                                                  ║  │                                          │
║                                                                  ║  │                                          │
║                                                                  ║  │                                          │
║                                                                  ║  │                                          │
║                                                                  ║  │                                          │
║                                                                  ║  │                                          │
║                                                                  ║  │                                          │
║                                                                  ║  │                                          │
║                                                                  ║  │                                          │
║                                                                  ║  │                                          │
╚══════════════════════════════════════════════════════════════════╝  └──────────────────────────────────────────┘
e Edit   x Retire   a Apply   s Settings   esc Back   r Refresh   ? Help   q Quit
